2015-05-02T03:49:19.100+0000: 1.791: [GC2015-05-02T03:49:19.100+0000: 1.791: [DefNew: 68160K->8512K(76672K), 0.0208260 secs] 68160K->9269K(253632K), 0.0209600 secs] [Times: user=0.02 sys=0.00, real=0.02 secs] 
2015-05-02T03:49:20.136+0000: 2.827: [GC [1 CMS-initial-mark: 757K(176960K)] 31466K(253632K), 0.0066750 secs] [Times: user=0.01 sys=0.00, real=0.01 secs] 
2015-05-02T03:49:20.143+0000: 2.834: [CMS-concurrent-mark-start]
2015-05-02T03:49:20.155+0000: 2.847: [CMS-concurrent-mark: 0.013/0.013 secs] [Times: user=0.01 sys=0.00, real=0.01 secs] 
2015-05-02T03:49:20.155+0000: 2.847: [CMS-concurrent-preclean-start]
2015-05-02T03:49:20.158+0000: 2.850: [CMS-concurrent-preclean: 0.003/0.003 secs] [Times: user=0.01 sys=0.00, real=0.01 secs] 
2015-05-02T03:49:20.158+0000: 2.850: [CMS-concurrent-abortable-preclean-start]
 CMS: abort preclean due to time 2015-05-02T03:49:25.270+0000: 7.962: [CMS-concurrent-abortable-preclean: 0.720/5.112 secs] [Times: user=0.74 sys=0.00, real=5.11 secs] 
2015-05-02T03:49:25.270+0000: 7.962: [GC[YG occupancy: 33440 K (76672 K)]2015-05-02T03:49:25.270+0000: 7.962: [GC2015-05-02T03:49:25.270+0000: 7.962: [DefNew: 33440K->1211K(76672K), 0.0150170 secs] 34198K->4155K(253632K), 0.0150720 secs] [Times: user=0.01 sys=0.00, real=0.01 secs] 
2015-05-02T03:49:25.285+0000: 7.977: [Rescan (non-parallel) 2015-05-02T03:49:25.285+0000: 7.977: [grey object rescan, 0.0085110 secs]2015-05-02T03:49:25.294+0000: 7.985: [root rescan, 0.0006560 secs], 0.0092020 secs]2015-05-02T03:49:25.294+0000: 7.986: [weak refs processing, 0.0000150 secs]2015-05-02T03:49:25.295+0000: 7.986: [class unloading, 0.0006550 secs]2015-05-02T03:49:25.295+0000: 7.987: [scrub symbol table, 0.0020690 secs]2015-05-02T03:49:25.297+0000: 7.989: [scrub string table, 0.0001700 secs] [1 CMS-remark: 2944K(176960K)] 4155K(253632K), 0.0273780 secs] [Times: user=0.02 sys=0.00, real=0.03 secs] 
2015-05-02T03:49:25.298+0000: 7.990: [CMS-concurrent-sweep-start]
2015-05-02T03:49:25.304+0000: 7.995: [CMS-concurrent-sweep: 0.006/0.006 secs] [Times: user=0.00 sys=0.00, real=0.00 secs] 
2015-05-02T03:49:25.304+0000: 7.995: [CMS-concurrent-reset-start]
2015-05-02T03:49:25.308+0000: 8.000: [CMS-concurrent-reset: 0.004/0.004 secs] [Times: user=0.00 sys=0.01, real=0.00 secs] 
2015-05-02T03:55:11.965+0000: 354.657: [GC2015-05-02T03:55:11.965+0000: 354.657: [DefNew: 69371K->1954K(76672K), 0.0113540 secs] 72315K->4898K(253632K), 0.0114410 secs] [Times: user=0.02 sys=0.00, real=0.01 secs] 
2015-05-02T04:00:45.507+0000: 688.199: [GC2015-05-02T04:00:45.507+0000: 688.199: [DefNew: 70114K->1313K(76672K), 0.0063810 secs] 73058K->4257K(253632K), 0.0064440 secs] [Times: user=0.01 sys=0.00, real=0.01 secs] 
